Good
Good
Hello world!
Standard ML
foo,bar,baz,
x
implode
x.y.z
H3110 w0r1d!
|-|3||o vvor|d!
