[]
[foo]
[foo,bar]
[foo,bar,baz]
[]
[0]
[1,2]
[1,2,3,4,5]
[17,13,11,7,5,3,2]
